Shutdown scheduled for Tue 2026-09-22 20:24:52 UTC, use 'shutdown -c' to cancel.
2026-09-22T16:24:52Z BOOT instance=i-0adaad4037a94ceba rev=838b4150303ca8228e8edb432d8b8ccae353d258 workers=8
2026-09-22T16:24:53Z FILELIST files=390 bytes=176865369812
2026-09-22T16:24:54Z START README.md 15101 try=1
2026-09-22T16:24:54Z START .gitattributes 2564 try=1
2026-09-22T16:24:54Z START agents.jsonl.gz 5280 try=1
2026-09-22T16:24:54Z START agent_memories.jsonl.gz 2438234633 try=1
2026-09-22T16:24:54Z START CHANGELOG.md 21965 try=1
2026-09-22T16:24:54Z START agent_goals.jsonl.gz 3973 try=1
2026-09-22T16:24:54Z START SCHEMA.md 18647 try=1
2026-09-22T16:24:54Z START chat_messages.jsonl.gz 52543996 try=1
2026-09-22T16:24:55Z DONE CHANGELOG.md 21965 secs=1
2026-09-22T16:24:55Z START chat_rooms.jsonl.gz 1711 try=1
2026-09-22T16:24:55Z DONE SCHEMA.md 18647 secs=1
2026-09-22T16:24:55Z START claude_code_messages.jsonl.gz 104002877 try=1
2026-09-22T16:24:55Z DONE README.md 15101 secs=1
2026-09-22T16:24:55Z START claude_code_sessions.jsonl.gz 12662 try=1
2026-09-22T16:24:55Z DONE .gitattributes 2564 secs=1
2026-09-22T16:24:55Z START computer_use_sessions.jsonl.gz 40080397 try=1
2026-09-22T16:24:57Z DONE agents.jsonl.gz 5280 secs=3
2026-09-22T16:24:57Z START computer_use_turns.jsonl.gz 2475319119 try=1
2026-09-22T16:24:57Z DONE agent_goals.jsonl.gz 3973 secs=3
2026-09-22T16:24:57Z START events.jsonl.gz 328621853 try=1
2026-09-22T16:24:58Z DONE chat_rooms.jsonl.gz 1711 secs=3
2026-09-22T16:24:58Z START example.py 1691 try=1
2026-09-22T16:24:58Z DONE claude_code_sessions.jsonl.gz 12662 secs=3
2026-09-22T16:24:58Z START images/computer-use-turns/2025-04-02.tar 251688960 try=1
2026-09-22T16:24:58Z DONE chat_messages.jsonl.gz 52543996 secs=4
2026-09-22T16:24:58Z START images/computer-use-turns/2025-04-03.tar 215951360 try=1
2026-09-22T16:24:59Z DONE example.py 1691 secs=1
2026-09-22T16:24:59Z START images/computer-use-turns/2025-04-04.tar 195246080 try=1
2026-09-22T16:24:59Z DONE computer_use_sessions.jsonl.gz 40080397 secs=4
2026-09-22T16:24:59Z START images/computer-use-turns/2025-04-05.tar 135557120 try=1
2026-09-22T16:25:00Z DONE claude_code_messages.jsonl.gz 104002877 secs=5
2026-09-22T16:25:00Z START images/computer-use-turns/2025-04-06.tar 145612800 try=1
2026-09-22T16:25:03Z DONE events.jsonl.gz 328621853 secs=6
2026-09-22T16:25:03Z START images/computer-use-turns/2025-04-07.tar 155985920 try=1
2026-09-22T16:25:04Z DONE images/computer-use-turns/2025-04-05.tar 135557120 secs=5
2026-09-22T16:25:04Z START images/computer-use-turns/2025-04-08.tar 162560000 try=1
2026-09-22T16:25:06Z DONE images/computer-use-turns/2025-04-06.tar 145612800 secs=6
2026-09-22T16:25:06Z START images/computer-use-turns/2025-04-09.tar 221184000 try=1
2026-09-22T16:25:10Z DONE images/computer-use-turns/2025-04-07.tar 155985920 secs=7
2026-09-22T16:25:10Z START images/computer-use-turns/2025-04-10.tar 135782400 try=1
2026-09-22T16:25:12Z DONE images/computer-use-turns/2025-04-08.tar 162560000 secs=8
2026-09-22T16:25:12Z START images/computer-use-turns/2025-04-11.tar 42967040 try=1
2026-09-22T16:25:16Z DONE images/computer-use-turns/2025-04-11.tar 42967040 secs=4
2026-09-22T16:25:16Z START images/computer-use-turns/2025-04-14.tar 149422080 try=1
2026-09-22T16:25:17Z DONE images/computer-use-turns/2025-04-10.tar 135782400 secs=7
2026-09-22T16:25:17Z START images/computer-use-turns/2025-04-15.tar 79063040 try=1
2026-09-22T16:25:18Z DONE images/computer-use-turns/2025-04-04.tar 195246080 secs=19
2026-09-22T16:25:18Z START images/computer-use-turns/2025-04-16.tar 163952640 try=1
2026-09-22T16:25:22Z DONE images/computer-use-turns/2025-04-15.tar 79063040 secs=5
2026-09-22T16:25:22Z START images/computer-use-turns/2025-04-17.tar 112680960 try=1
2026-09-22T16:25:23Z DONE images/computer-use-turns/2025-04-14.tar 149422080 secs=7
2026-09-22T16:25:23Z START images/computer-use-turns/2025-04-18.tar 107694080 try=1
2026-09-22T16:25:24Z DONE images/computer-use-turns/2025-04-03.tar 215951360 secs=26
2026-09-22T16:25:24Z START images/computer-use-turns/2025-04-21.tar 88576000 try=1
2026-09-22T16:25:27Z DONE images/computer-use-turns/2025-04-16.tar 163952640 secs=9
2026-09-22T16:25:27Z START images/computer-use-turns/2025-04-22.tar 83025920 try=1
2026-09-22T16:25:29Z DONE images/computer-use-turns/2025-04-17.tar 112680960 secs=7
2026-09-22T16:25:29Z START images/computer-use-turns/2025-04-23.tar 126720000 try=1
2026-09-22T16:25:30Z DONE images/computer-use-turns/2025-04-18.tar 107694080 secs=7
2026-09-22T16:25:30Z START images/computer-use-turns/2025-04-24.tar 115312640 try=1
2026-09-22T16:25:30Z DONE computer_use_turns.jsonl.gz 2475319119 secs=33
2026-09-22T16:25:30Z START images/computer-use-turns/2025-04-25.tar 76666880 try=1
2026-09-22T16:25:31Z DONE images/computer-use-turns/2025-04-21.tar 88576000 secs=7
2026-09-22T16:25:31Z START images/computer-use-turns/2025-04-28.tar 58152960 try=1
2026-09-22T16:25:31Z DONE agent_memories.jsonl.gz 2438234633 secs=37
2026-09-22T16:25:31Z START images/computer-use-turns/2025-04-29.tar 123514880 try=1
2026-09-22T16:25:33Z DONE images/computer-use-turns/2025-04-22.tar 83025920 secs=6
2026-09-22T16:25:33Z START images/computer-use-turns/2025-04-30.tar 53125120 try=1
2026-09-22T16:25:35Z DONE images/computer-use-turns/2025-04-28.tar 58152960 secs=4
2026-09-22T16:25:35Z START images/computer-use-turns/2025-05-01.tar 60241920 try=1
2026-09-22T16:25:36Z DONE images/computer-use-turns/2025-04-25.tar 76666880 secs=6
2026-09-22T16:25:36Z START images/computer-use-turns/2025-05-02.tar 37109760 try=1
2026-09-22T16:25:36Z DONE images/computer-use-turns/2025-04-02.tar 251688960 secs=38
2026-09-22T16:25:36Z START images/computer-use-turns/2025-05-05.tar 148776960 try=1
2026-09-22T16:25:37Z DONE images/computer-use-turns/2025-04-09.tar 221184000 secs=31
2026-09-22T16:25:37Z START images/computer-use-turns/2025-05-06.tar 104396800 try=1
2026-09-22T16:25:37Z DONE images/computer-use-turns/2025-04-30.tar 53125120 secs=4
2026-09-22T16:25:37Z START images/computer-use-turns/2025-05-07.tar 64778240 try=1
2026-09-22T16:25:37Z DONE images/computer-use-turns/2025-04-23.tar 126720000 secs=8
2026-09-22T16:25:37Z START images/computer-use-turns/2025-05-08.tar 105451520 try=1
2026-09-22T16:25:38Z DONE images/computer-use-turns/2025-04-24.tar 115312640 secs=8
2026-09-22T16:25:38Z START images/computer-use-turns/2025-05-09.tar 84899840 try=1
2026-09-22T16:25:39Z DONE images/computer-use-turns/2025-05-02.tar 37109760 secs=3
2026-09-22T16:25:39Z START images/computer-use-turns/2025-05-10.tar 65382400 try=1
2026-09-22T16:25:40Z DONE images/computer-use-turns/2025-05-01.tar 60241920 secs=5
2026-09-22T16:25:40Z START images/computer-use-turns/2025-05-11.tar 65771520 try=1
2026-09-22T16:25:41Z DONE images/computer-use-turns/2025-04-29.tar 123514880 secs=10
2026-09-22T16:25:41Z START images/computer-use-turns/2025-05-12.tar 13199360 try=1
2026-09-22T16:25:42Z DONE images/computer-use-turns/2025-05-07.tar 64778240 secs=5
2026-09-22T16:25:42Z START images/computer-use-turns/2025-05-13.tar 68659200 try=1
2026-09-22T16:25:43Z DONE images/computer-use-turns/2025-05-08.tar 105451520 secs=6
2026-09-22T16:25:43Z START images/computer-use-turns/2025-05-14.tar 80046080 try=1
2026-09-22T16:25:44Z DONE images/computer-use-turns/2025-05-06.tar 104396800 secs=7
2026-09-22T16:25:44Z START images/computer-use-turns/2025-05-15.tar 156047360 try=1
2026-09-22T16:25:44Z DONE images/computer-use-turns/2025-05-12.tar 13199360 secs=3
2026-09-22T16:25:44Z START images/computer-use-turns/2025-05-16.tar 55265280 try=1
2026-09-22T16:25:45Z DONE images/computer-use-turns/2025-05-09.tar 84899840 secs=7
2026-09-22T16:25:45Z START images/computer-use-turns/2025-05-19.tar 88309760 try=1
2026-09-22T16:25:46Z DONE images/computer-use-turns/2025-05-10.tar 65382400 secs=7
2026-09-22T16:25:46Z START images/computer-use-turns/2025-05-20.tar 109363200 try=1
2026-09-22T16:25:46Z DONE images/computer-use-turns/2025-05-11.tar 65771520 secs=6
2026-09-22T16:25:46Z START images/computer-use-turns/2025-05-21.tar 65955840 try=1
2026-09-22T16:25:47Z DONE images/computer-use-turns/2025-05-05.tar 148776960 secs=11
2026-09-22T16:25:47Z START images/computer-use-turns/2025-05-22.tar 119572480 try=1
2026-09-22T16:25:49Z DONE images/computer-use-turns/2025-05-16.tar 55265280 secs=5
2026-09-22T16:25:49Z START images/computer-use-turns/2025-05-23.tar 109465600 try=1
2026-09-22T16:25:49Z DONE images/computer-use-turns/2025-05-13.tar 68659200 secs=7
2026-09-22T16:25:49Z START images/computer-use-turns/2025-05-26.tar 128460800 try=1
2026-09-22T16:25:49Z DONE images/computer-use-turns/2025-05-14.tar 80046080 secs=6
2026-09-22T16:25:50Z START images/computer-use-turns/2025-05-27.tar 154255360 try=1
2026-09-22T16:25:51Z DONE images/computer-use-turns/2025-05-21.tar 65955840 secs=5
2026-09-22T16:25:51Z START images/computer-use-turns/2025-05-28.tar 116776960 try=1
2026-09-22T16:25:51Z DONE images/computer-use-turns/2025-05-19.tar 88309760 secs=6
2026-09-22T16:25:51Z START images/computer-use-turns/2025-05-29.tar 127191040 try=1
2026-09-22T16:25:53Z DONE images/computer-use-turns/2025-05-20.tar 109363200 secs=7
2026-09-22T16:25:53Z START images/computer-use-turns/2025-05-30.tar 123043840 try=1
2026-09-22T16:25:55Z HEARTBEAT files=54/390 bytes=9656937029/176865369812 disk_free=98G
2026-09-22T16:25:55Z DONE images/computer-use-turns/2025-05-22.tar 119572480 secs=8
2026-09-22T16:25:55Z START images/computer-use-turns/2025-06-02.tar 178800640 try=1
2026-09-22T16:25:58Z DONE images/computer-use-turns/2025-05-23.tar 109465600 secs=9
2026-09-22T16:25:58Z START images/computer-use-turns/2025-06-03.tar 134778880 try=1
2026-09-22T16:25:58Z DONE images/computer-use-turns/2025-05-15.tar 156047360 secs=14
2026-09-22T16:25:58Z START images/computer-use-turns/2025-06-04.tar 165591040 try=1
2026-09-22T16:25:59Z DONE images/computer-use-turns/2025-05-26.tar 128460800 secs=10
2026-09-22T16:25:59Z START images/computer-use-turns/2025-06-05.tar 157061120 try=1
2026-09-22T16:25:59Z DONE images/computer-use-turns/2025-05-27.tar 154255360 secs=9
2026-09-22T16:25:59Z START images/computer-use-turns/2025-06-06.tar 96133120 try=1
2026-09-22T16:26:00Z DONE images/computer-use-turns/2025-05-28.tar 116776960 secs=9
2026-09-22T16:26:00Z START images/computer-use-turns/2025-06-09.tar 102502400 try=1
2026-09-22T16:26:02Z DONE images/computer-use-turns/2025-05-29.tar 127191040 secs=11
2026-09-22T16:26:02Z START images/computer-use-turns/2025-06-10.tar 94781440 try=1
2026-09-22T16:26:05Z DONE images/computer-use-turns/2025-05-30.tar 123043840 secs=12
2026-09-22T16:26:06Z START images/computer-use-turns/2025-06-11.tar 135290880 try=1
2026-09-22T16:26:07Z DONE images/computer-use-turns/2025-06-03.tar 134778880 secs=9
2026-09-22T16:26:07Z START images/computer-use-turns/2025-06-12.tar 54292480 try=1
2026-09-22T16:26:08Z DONE images/computer-use-turns/2025-06-06.tar 96133120 secs=9
2026-09-22T16:26:08Z START images/computer-use-turns/2025-06-13.tar 135229440 try=1
2026-09-22T16:26:08Z DONE images/computer-use-turns/2025-06-09.tar 102502400 secs=8
2026-09-22T16:26:08Z START images/computer-use-turns/2025-06-16.tar 152453120 try=1
2026-09-22T16:26:09Z DONE images/computer-use-turns/2025-06-10.tar 94781440 secs=7
2026-09-22T16:26:09Z START images/computer-use-turns/2025-06-17.tar 131921920 try=1
2026-09-22T16:26:09Z DONE images/computer-use-turns/2025-06-04.tar 165591040 secs=11
2026-09-22T16:26:09Z START images/computer-use-turns/2025-06-18.tar 274135040 try=1
2026-09-22T16:26:10Z DONE images/computer-use-turns/2025-06-02.tar 178800640 secs=15
2026-09-22T16:26:10Z START images/computer-use-turns/2025-06-19.tar 131553280 try=1
2026-09-22T16:26:12Z DONE images/computer-use-turns/2025-06-12.tar 54292480 secs=5
2026-09-22T16:26:12Z START images/computer-use-turns/2025-06-20.tar 139571200 try=1
2026-09-22T16:26:15Z DONE images/computer-use-turns/2025-06-05.tar 157061120 secs=16
2026-09-22T16:26:15Z START images/computer-use-turns/2025-06-23.tar 112568320 try=1
2026-09-22T16:26:16Z DONE images/computer-use-turns/2025-06-11.tar 135290880 secs=10
2026-09-22T16:26:16Z START images/computer-use-turns/2025-06-24.tar 124887040 try=1
2026-09-22T16:26:18Z DONE images/computer-use-turns/2025-06-17.tar 131921920 secs=9
2026-09-22T16:26:18Z START images/computer-use-turns/2025-06-25.tar 145930240 try=1
2026-09-22T16:26:19Z DONE images/computer-use-turns/2025-06-16.tar 152453120 secs=11
2026-09-22T16:26:19Z START images/computer-use-turns/2025-06-26.tar 161853440 try=1
2026-09-22T16:26:19Z DONE images/computer-use-turns/2025-06-13.tar 135229440 secs=11
2026-09-22T16:26:19Z START images/computer-use-turns/2025-06-27.tar 208199680 try=1
2026-09-22T16:26:21Z DONE images/computer-use-turns/2025-06-19.tar 131553280 secs=11
2026-09-22T16:26:21Z START images/computer-use-turns/2025-06-29.tar 282204160 try=1
2026-09-22T16:26:23Z DONE images/computer-use-turns/2025-06-20.tar 139571200 secs=11
2026-09-22T16:26:23Z START images/computer-use-turns/2025-06-30.tar 155125760 try=1
2026-09-22T16:26:24Z DONE images/computer-use-turns/2025-06-23.tar 112568320 secs=9
2026-09-22T16:26:24Z START images/computer-use-turns/2025-07-01.tar 167219200 try=1
2026-09-22T16:26:27Z DONE images/computer-use-turns/2025-06-24.tar 124887040 secs=11
2026-09-22T16:26:27Z START images/computer-use-turns/2025-07-02.tar 127754240 try=1
2026-09-22T16:26:30Z DONE images/computer-use-turns/2025-06-25.tar 145930240 secs=12
2026-09-22T16:26:30Z START images/computer-use-turns/2025-07-03.tar 134123520 try=1
2026-09-22T16:26:33Z DONE images/computer-use-turns/2025-06-26.tar 161853440 secs=14
2026-09-22T16:26:33Z START images/computer-use-turns/2025-07-04.tar 130590720 try=1
2026-09-22T16:26:34Z DONE images/computer-use-turns/2025-06-18.tar 274135040 secs=25
2026-09-22T16:26:34Z START images/computer-use-turns/2025-07-07.tar 173977600 try=1
2026-09-22T16:26:38Z DONE images/computer-use-turns/2025-06-30.tar 155125760 secs=15
2026-09-22T16:26:38Z START images/computer-use-turns/2025-07-08.tar 138403840 try=1
2026-09-22T16:26:39Z DONE images/computer-use-turns/2025-07-02.tar 127754240 secs=12
2026-09-22T16:26:39Z START images/computer-use-turns/2025-07-09.tar 94812160 try=1
2026-09-22T16:26:40Z DONE images/computer-use-turns/2025-07-03.tar 134123520 secs=10
2026-09-22T16:26:40Z START images/computer-use-turns/2025-07-10.tar 150988800 try=1
2026-09-22T16:26:42Z DONE images/computer-use-turns/2025-06-27.tar 208199680 secs=23
2026-09-22T16:26:42Z START images/computer-use-turns/2025-07-11.tar 139130880 try=1
2026-09-22T16:26:43Z DONE images/computer-use-turns/2025-07-01.tar 167219200 secs=19
2026-09-22T16:26:43Z START images/computer-use-turns/2025-07-14.tar 168622080 try=1
2026-09-22T16:26:44Z DONE images/computer-use-turns/2025-07-04.tar 130590720 secs=11
2026-09-22T16:26:44Z START images/computer-use-turns/2025-07-15.tar 120647680 try=1
2026-09-22T16:26:50Z DONE images/computer-use-turns/2025-07-08.tar 138403840 secs=12
2026-09-22T16:26:50Z START images/computer-use-turns/2025-07-16.tar 145858560 try=1
2026-09-22T16:26:50Z DONE images/computer-use-turns/2025-07-09.tar 94812160 secs=11
2026-09-22T16:26:50Z START images/computer-use-turns/2025-07-17.tar 167096320 try=1
2026-09-22T16:26:53Z DONE images/computer-use-turns/2025-07-11.tar 139130880 secs=11
2026-09-22T16:26:53Z START images/computer-use-turns/2025-07-18.tar 201000960 try=1
2026-09-22T16:26:54Z DONE images/computer-use-turns/2025-07-15.tar 120647680 secs=10
2026-09-22T16:26:54Z START images/computer-use-turns/2025-07-21.tar 184279040 try=1
2026-09-22T16:26:55Z DONE images/computer-use-turns/2025-07-10.tar 150988800 secs=15
2026-09-22T16:26:55Z START images/computer-use-turns/2025-07-22.tar 195348480 try=1
2026-09-22T16:26:56Z HEARTBEAT files=92/390 bytes=14888081989/176865369812 disk_free=97G
2026-09-22T16:26:59Z DONE images/computer-use-turns/2025-07-07.tar 173977600 secs=25
2026-09-22T16:26:59Z START images/computer-use-turns/2025-07-23.tar 236451840 try=1
2026-09-22T16:27:00Z DONE images/computer-use-turns/2025-07-16.tar 145858560 secs=10
2026-09-22T16:27:00Z START images/computer-use-turns/2025-07-24.tar 225228800 try=1
2026-09-22T16:27:01Z DONE images/computer-use-turns/2025-07-14.tar 168622080 secs=18
2026-09-22T16:27:01Z START images/computer-use-turns/2025-07-25.tar 178657280 try=1
2026-09-22T16:27:03Z DONE images/computer-use-turns/2025-06-29.tar 282204160 secs=42
2026-09-22T16:27:03Z START images/computer-use-turns/2025-07-28.tar 161280000 try=1
2026-09-22T16:27:07Z DONE images/computer-use-turns/2025-07-17.tar 167096320 secs=17
2026-09-22T16:27:07Z START images/computer-use-turns/2025-07-29.tar 256245760 try=1
2026-09-22T16:27:07Z DONE images/computer-use-turns/2025-07-21.tar 184279040 secs=13
2026-09-22T16:27:07Z START images/computer-use-turns/2025-07-30.tar 258529280 try=1
2026-09-22T16:27:09Z DONE images/computer-use-turns/2025-07-22.tar 195348480 secs=14
2026-09-22T16:27:09Z START images/computer-use-turns/2025-07-31.tar 313354240 try=1
2026-09-22T16:27:15Z DONE images/computer-use-turns/2025-07-25.tar 178657280 secs=14
2026-09-22T16:27:15Z START images/computer-use-turns/2025-08-01.tar 218214400 try=1
2026-09-22T16:27:17Z DONE images/computer-use-turns/2025-07-18.tar 201000960 secs=24
2026-09-22T16:27:17Z START images/computer-use-turns/2025-08-04.tar 253224960 try=1
2026-09-22T16:27:17Z DONE images/computer-use-turns/2025-07-28.tar 161280000 secs=14
2026-09-22T16:27:17Z START images/computer-use-turns/2025-08-05.tar 230963200 try=1
2026-09-22T16:27:21Z DONE images/computer-use-turns/2025-07-24.tar 225228800 secs=21
2026-09-22T16:27:21Z START images/computer-use-turns/2025-08-06.tar 263567360 try=1
2026-09-22T16:27:36Z DONE images/computer-use-turns/2025-07-31.tar 313354240 secs=27
2026-09-22T16:27:36Z START images/computer-use-turns/2025-08-07.tar 268339200 try=1
2026-09-22T16:27:37Z DONE images/computer-use-turns/2025-07-23.tar 236451840 secs=38
2026-09-22T16:27:37Z START images/computer-use-turns/2025-08-08.tar 178821120 try=1
2026-09-22T16:27:42Z DONE images/computer-use-turns/2025-08-04.tar 253224960 secs=25
2026-09-22T16:27:42Z START images/computer-use-turns/2025-08-11.tar 225812480 try=1
2026-09-22T16:27:51Z DONE images/computer-use-turns/2025-08-01.tar 218214400 secs=36
2026-09-22T16:27:51Z START images/computer-use-turns/2025-08-12.tar 120576000 try=1
2026-09-22T16:27:51Z DONE images/computer-use-turns/2025-08-08.tar 178821120 secs=14
2026-09-22T16:27:51Z START images/computer-use-turns/2025-08-13.tar 154173440 try=1
2026-09-22T16:27:52Z DONE images/computer-use-turns/2025-07-30.tar 258529280 secs=45
2026-09-22T16:27:52Z START images/computer-use-turns/2025-08-14.tar 144220160 try=1
2026-09-22T16:27:54Z DONE images/computer-use-turns/2025-08-05.tar 230963200 secs=37
2026-09-22T16:27:54Z START images/computer-use-turns/2025-08-15.tar 97239040 try=1
2026-09-22T16:27:56Z HEARTBEAT files=110/390 bytes=18661194309/176865369812 disk_free=97G
2026-09-22T16:27:59Z DONE images/computer-use-turns/2025-08-07.tar 268339200 secs=23
2026-09-22T16:27:59Z START images/computer-use-turns/2025-08-18.tar 334602240 try=1
2026-09-22T16:28:01Z DONE images/computer-use-turns/2025-07-29.tar 256245760 secs=54
2026-09-22T16:28:01Z START images/computer-use-turns/2025-08-19.tar 144025600 try=1
2026-09-22T16:28:01Z DONE images/computer-use-turns/2025-08-12.tar 120576000 secs=10
2026-09-22T16:28:01Z START images/computer-use-turns/2025-08-20.tar 233144320 try=1
2026-09-22T16:28:03Z DONE images/computer-use-turns/2025-08-14.tar 144220160 secs=11
2026-09-22T16:28:03Z START images/computer-use-turns/2025-08-21.tar 221880320 try=1
2026-09-22T16:28:05Z DONE images/computer-use-turns/2025-08-13.tar 154173440 secs=14
2026-09-22T16:28:05Z START images/computer-use-turns/2025-08-22.tar 242442240 try=1
2026-09-22T16:28:10Z DONE images/computer-use-turns/2025-08-15.tar 97239040 secs=16
2026-09-22T16:28:10Z START images/computer-use-turns/2025-08-25.tar 288419840 try=1
2026-09-22T16:28:12Z DONE images/computer-use-turns/2025-08-19.tar 144025600 secs=11
2026-09-22T16:28:12Z START images/computer-use-turns/2025-08-26.tar 240271360 try=1
2026-09-22T16:28:17Z DONE images/computer-use-turns/2025-08-06.tar 263567360 secs=56
2026-09-22T16:28:17Z START images/computer-use-turns/2025-08-27.tar 224645120 try=1
2026-09-22T16:28:19Z DONE images/computer-use-turns/2025-08-21.tar 221880320 secs=16
2026-09-22T16:28:19Z START images/computer-use-turns/2025-08-28.tar 187781120 try=1
2026-09-22T16:28:26Z DONE images/computer-use-turns/2025-08-11.tar 225812480 secs=44
2026-09-22T16:28:26Z START images/computer-use-turns/2025-08-29.tar 196290560 try=1
2026-09-22T16:28:27Z DONE images/computer-use-turns/2025-08-22.tar 242442240 secs=22
2026-09-22T16:28:27Z START images/computer-use-turns/2025-09-01.tar 161320960 try=1
2026-09-22T16:28:34Z DONE images/computer-use-turns/2025-08-18.tar 334602240 secs=35
2026-09-22T16:28:34Z START images/computer-use-turns/2025-09-02.tar 225863680 try=1
2026-09-22T16:28:38Z DONE images/computer-use-turns/2025-08-28.tar 187781120 secs=19
2026-09-22T16:28:38Z START images/computer-use-turns/2025-09-03.tar 178862080 try=1
2026-09-22T16:28:46Z DONE images/computer-use-turns/2025-09-01.tar 161320960 secs=19
2026-09-22T16:28:46Z START images/computer-use-turns/2025-09-04.tar 164444160 try=1
2026-09-22T16:28:49Z DONE images/computer-use-turns/2025-08-29.tar 196290560 secs=23
2026-09-22T16:28:49Z START images/computer-use-turns/2025-09-05.tar 241029120 try=1
2026-09-22T16:28:52Z DONE images/computer-use-turns/2025-08-26.tar 240271360 secs=40
2026-09-22T16:28:52Z START images/computer-use-turns/2025-09-08.tar 220446720 try=1
2026-09-22T16:28:56Z DONE images/computer-use-turns/2025-08-25.tar 288419840 secs=46
2026-09-22T16:28:56Z START images/computer-use-turns/2025-09-09.tar 199946240 try=1
2026-09-22T16:28:56Z DONE images/computer-use-turns/2025-09-03.tar 178862080 secs=18
2026-09-22T16:28:56Z START images/computer-use-turns/2025-09-10.tar 255866880 try=1
2026-09-22T16:28:57Z HEARTBEAT files=128/390 bytes=22387264069/176865369812 disk_free=97G
2026-09-22T16:29:00Z DONE images/computer-use-turns/2025-08-20.tar 233144320 secs=59
2026-09-22T16:29:00Z START images/computer-use-turns/2025-09-11.tar 192399360 try=1
2026-09-22T16:29:01Z DONE images/computer-use-turns/2025-09-04.tar 164444160 secs=15
2026-09-22T16:29:01Z START images/computer-use-turns/2025-09-12.tar 230031360 try=1
2026-09-22T16:29:07Z DONE images/computer-use-turns/2025-09-08.tar 220446720 secs=15
2026-09-22T16:29:07Z START images/computer-use-turns/2025-09-15.tar 207943680 try=1
2026-09-22T16:29:08Z DONE images/computer-use-turns/2025-08-27.tar 224645120 secs=51
2026-09-22T16:29:08Z START images/computer-use-turns/2025-09-16.tar 197058560 try=1
2026-09-22T16:29:10Z DONE images/computer-use-turns/2025-09-09.tar 199946240 secs=14
2026-09-22T16:29:10Z START images/computer-use-turns/2025-09-17.tar 226211840 try=1
2026-09-22T16:29:16Z DONE images/computer-use-turns/2025-09-11.tar 192399360 secs=16
2026-09-22T16:29:16Z START images/computer-use-turns/2025-09-18.tar 195174400 try=1
2026-09-22T16:29:19Z DONE images/computer-use-turns/2025-09-02.tar 225863680 secs=45
2026-09-22T16:29:19Z START images/computer-use-turns/2025-09-19.tar 199557120 try=1
2026-09-22T16:29:26Z DONE images/computer-use-turns/2025-09-15.tar 207943680 secs=19
2026-09-22T16:29:26Z START images/computer-use-turns/2025-09-22.tar 226375680 try=1
2026-09-22T16:29:27Z DONE images/computer-use-turns/2025-09-16.tar 197058560 secs=19
2026-09-22T16:29:27Z START images/computer-use-turns/2025-09-23.tar 253358080 try=1
2026-09-22T16:29:33Z DONE images/computer-use-turns/2025-09-12.tar 230031360 secs=32
2026-09-22T16:29:33Z START images/computer-use-turns/2025-09-24.tar 243056640 try=1
2026-09-22T16:29:34Z DONE images/computer-use-turns/2025-09-18.tar 195174400 secs=18
2026-09-22T16:29:34Z START images/computer-use-turns/2025-09-25.tar 249180160 try=1
2026-09-22T16:29:34Z DONE images/computer-use-turns/2025-09-10.tar 255866880 secs=38
2026-09-22T16:29:34Z START images/computer-use-turns/2025-09-26.tar 245186560 try=1
2026-09-22T16:29:35Z DONE images/computer-use-turns/2025-09-19.tar 199557120 secs=16
2026-09-22T16:29:35Z START images/computer-use-turns/2025-09-29.tar 158443520 try=1
2026-09-22T16:29:45Z DONE images/computer-use-turns/2025-09-05.tar 241029120 secs=56
2026-09-22T16:29:45Z START images/computer-use-turns/2025-09-30.tar 213729280 try=1
2026-09-22T16:29:47Z DONE images/computer-use-turns/2025-09-29.tar 158443520 secs=12
2026-09-22T16:29:47Z START images/computer-use-turns/2025-10-01.tar 182456320 try=1
2026-09-22T16:29:52Z DONE images/computer-use-turns/2025-09-17.tar 226211840 secs=42
2026-09-22T16:29:52Z START images/computer-use-turns/2025-10-02.tar 122490880 try=1
2026-09-22T16:29:54Z DONE images/computer-use-turns/2025-09-24.tar 243056640 secs=21
2026-09-22T16:29:54Z START images/computer-use-turns/2025-10-03.tar 93624320 try=1
2026-09-22T16:29:57Z HEARTBEAT files=145/390 bytes=26002526789/176865369812 disk_free=97G
2026-09-22T16:30:03Z DONE images/computer-use-turns/2025-10-02.tar 122490880 secs=11
2026-09-22T16:30:03Z START images/computer-use-turns/2025-10-06.tar 219002880 try=1
2026-09-22T16:30:03Z DONE images/computer-use-turns/2025-10-01.tar 182456320 secs=16
2026-09-22T16:30:03Z START images/computer-use-turns/2025-10-07.tar 290795520 try=1
2026-09-22T16:30:04Z DONE images/computer-use-turns/2025-10-03.tar 93624320 secs=10
2026-09-22T16:30:04Z START images/computer-use-turns/2025-10-08.tar 237527040 try=1
2026-09-22T16:30:09Z DONE images/computer-use-turns/2025-09-22.tar 226375680 secs=43
2026-09-22T16:30:09Z START images/computer-use-turns/2025-10-09.tar 260311040 try=1
2026-09-22T16:30:15Z DONE images/computer-use-turns/2025-09-30.tar 213729280 secs=30
2026-09-22T16:30:15Z START images/computer-use-turns/2025-10-10.tar 302561280 try=1
2026-09-22T16:30:20Z DONE images/computer-use-turns/2025-09-23.tar 253358080 secs=53
2026-09-22T16:30:21Z START images/computer-use-turns/2025-10-13.tar 213821440 try=1
2026-09-22T16:30:22Z DONE images/computer-use-turns/2025-09-26.tar 245186560 secs=48
2026-09-22T16:30:22Z START images/computer-use-turns/2025-10-14.tar 177725440 try=1
2026-09-22T16:30:23Z DONE images/computer-use-turns/2025-09-25.tar 249180160 secs=49
2026-09-22T16:30:23Z START images/computer-use-turns/2025-10-15.tar 151838720 try=1
2026-09-22T16:30:35Z DONE images/computer-use-turns/2025-10-14.tar 177725440 secs=13
2026-09-22T16:30:35Z START images/computer-use-turns/2025-10-16.tar 75008000 try=1
2026-09-22T16:30:39Z DONE images/computer-use-turns/2025-10-15.tar 151838720 secs=16
2026-09-22T16:30:39Z START images/computer-use-turns/2025-10-17.tar 91750400 try=1
2026-09-22T16:30:40Z DONE images/computer-use-turns/2025-10-06.tar 219002880 secs=37
2026-09-22T16:30:40Z START images/computer-use-turns/2025-10-20.tar 205096960 try=1
2026-09-22T16:30:41Z DONE images/computer-use-turns/2025-10-13.tar 213821440 secs=21
2026-09-22T16:30:41Z START images/computer-use-turns/2025-10-21.tar 154152960 try=1
2026-09-22T16:30:43Z DONE images/computer-use-turns/2025-10-16.tar 75008000 secs=8
2026-09-22T16:30:43Z START images/computer-use-turns/2025-10-22.tar 274821120 try=1
2026-09-22T16:30:49Z DONE images/computer-use-turns/2025-10-17.tar 91750400 secs=10
2026-09-22T16:30:49Z START images/computer-use-turns/2025-10-23.tar 142008320 try=1
2026-09-22T16:30:53Z DONE images/computer-use-turns/2025-10-09.tar 260311040 secs=44
2026-09-22T16:30:53Z START images/computer-use-turns/2025-10-24.tar 209326080 try=1
2026-09-22T16:30:56Z DONE images/computer-use-turns/2025-10-21.tar 154152960 secs=15
2026-09-22T16:30:56Z START images/computer-use-turns/2025-10-27.tar 219668480 try=1
2026-09-22T16:30:57Z DONE images/computer-use-turns/2025-10-20.tar 205096960 secs=17
2026-09-22T16:30:57Z START images/computer-use-turns/2025-10-28.tar 398090240 try=1
2026-09-22T16:30:58Z HEARTBEAT files=162/390 bytes=29137635909/176865369812 disk_free=97G
2026-09-22T16:31:01Z DONE images/computer-use-turns/2025-10-23.tar 142008320 secs=12
2026-09-22T16:31:01Z START images/computer-use-turns/2025-10-29.tar 366080000 try=1
2026-09-22T16:31:04Z DONE images/computer-use-turns/2025-10-08.tar 237527040 secs=60
2026-09-22T16:31:04Z START images/computer-use-turns/2025-10-30.tar 442572800 try=1
2026-09-22T16:31:09Z DONE images/computer-use-turns/2025-10-24.tar 209326080 secs=16
2026-09-22T16:31:09Z START images/computer-use-turns/2025-10-31.tar 260392960 try=1
2026-09-22T16:31:21Z DONE images/computer-use-turns/2025-10-07.tar 290795520 secs=78
2026-09-22T16:31:21Z START images/computer-use-turns/2025-11-03.tar 326819840 try=1
2026-09-22T16:31:26Z DONE images/computer-use-turns/2025-10-22.tar 274821120 secs=43
2026-09-22T16:31:26Z START images/computer-use-turns/2025-11-04.tar 225228800 try=1
2026-09-22T16:31:34Z DONE images/computer-use-turns/2025-10-27.tar 219668480 secs=38
2026-09-22T16:31:34Z START images/computer-use-turns/2025-11-05.tar 312637440 try=1
2026-09-22T16:31:49Z DONE images/computer-use-turns/2025-10-10.tar 302561280 secs=94
2026-09-22T16:31:49Z START images/computer-use-turns/2025-11-06.tar 306995200 try=1
2026-09-22T16:31:58Z HEARTBEAT files=169/390 bytes=30814343749/176865369812 disk_free=96G
2026-09-22T16:32:05Z DONE images/computer-use-turns/2025-10-31.tar 260392960 secs=56
2026-09-22T16:32:05Z START images/computer-use-turns/2025-11-07.tar 244101120 try=1
2026-09-22T16:32:11Z DONE images/computer-use-turns/2025-11-04.tar 225228800 secs=45
2026-09-22T16:32:11Z START images/computer-use-turns/2025-11-10.tar 404869120 try=1
curl: (92) HTTP/2 stream 1 reset by server (error 0x8 CANCEL)
2026-09-22T16:32:32Z START images/computer-use-turns/2025-10-28.tar 398090240 try=2
2026-09-22T16:32:54Z DONE images/computer-use-turns/2025-11-07.tar 244101120 secs=49
2026-09-22T16:32:54Z START images/computer-use-turns/2025-11-11.tar 468398080 try=1
2026-09-22T16:32:55Z DONE images/computer-use-turns/2025-11-03.tar 326819840 secs=94
2026-09-22T16:32:55Z START images/computer-use-turns/2025-11-12.tar 333373440 try=1
2026-09-22T16:32:59Z HEARTBEAT files=173/390 bytes=31870886469/176865369812 disk_free=96G
2026-09-22T16:33:14Z DONE images/computer-use-turns/2025-11-06.tar 306995200 secs=85
2026-09-22T16:33:14Z START images/computer-use-turns/2025-11-13.tar 425605120 try=1
2026-09-22T16:33:15Z DONE images/computer-use-turns/2025-11-05.tar 312637440 secs=101
2026-09-22T16:33:15Z START images/computer-use-turns/2025-11-14.tar 279173120 try=1
2026-09-22T16:33:20Z DONE images/computer-use-turns/2025-10-29.tar 366080000 secs=139
2026-09-22T16:33:20Z START images/computer-use-turns/2025-11-17.tar 446638080 try=1
2026-09-22T16:33:25Z DONE images/computer-use-turns/2025-10-30.tar 442572800 secs=141
2026-09-22T16:33:25Z START images/computer-use-turns/2025-11-18.tar 347596800 try=1
2026-09-22T16:33:43Z DONE images/computer-use-turns/2025-11-10.tar 404869120 secs=92
2026-09-22T16:33:43Z START images/computer-use-turns/2025-11-19.tar 464302080 try=1
2026-09-22T16:33:59Z HEARTBEAT files=178/390 bytes=33704041029/176865369812 disk_free=96G
2026-09-22T16:34:16Z DONE images/computer-use-turns/2025-11-12.tar 333373440 secs=81
2026-09-22T16:34:16Z START images/computer-use-turns/2025-11-20.tar 509931520 try=1
2026-09-22T16:34:30Z DONE images/computer-use-turns/2025-11-14.tar 279173120 secs=75
2026-09-22T16:34:30Z START images/computer-use-turns/2025-11-21.tar 541081600 try=1
2026-09-22T16:34:44Z DONE images/computer-use-turns/2025-10-28.tar 398090240 secs=132
2026-09-22T16:34:44Z START images/computer-use-turns/2025-11-24.tar 494243840 try=1
2026-09-22T16:35:00Z HEARTBEAT files=181/390 bytes=34714677829/176865369812 disk_free=95G
2026-09-22T16:35:17Z DONE images/computer-use-turns/2025-11-18.tar 347596800 secs=112
2026-09-22T16:35:17Z START images/computer-use-turns/2025-11-25.tar 408965120 try=1
2026-09-22T16:35:25Z DONE images/computer-use-turns/2025-11-17.tar 446638080 secs=125
2026-09-22T16:35:25Z START images/computer-use-turns/2025-11-26.tar 314818560 try=1
2026-09-22T16:35:44Z DONE images/computer-use-turns/2025-11-11.tar 468398080 secs=170
2026-09-22T16:35:44Z START images/computer-use-turns/2025-11-27.tar 463708160 try=1
2026-09-22T16:35:47Z DONE images/computer-use-turns/2025-11-13.tar 425605120 secs=153
2026-09-22T16:35:47Z START images/computer-use-turns/2025-11-28.tar 406118400 try=1
2026-09-22T16:36:00Z HEARTBEAT files=185/390 bytes=36402915909/176865369812 disk_free=97G
2026-09-22T16:36:16Z DONE images/computer-use-turns/2025-11-20.tar 509931520 secs=120
2026-09-22T16:36:16Z START images/computer-use-turns/2025-12-01.tar 567060480 try=1
curl: (92) HTTP/2 stream 1 reset by server (error 0x8 CANCEL)
2026-09-22T16:36:30Z DONE images/computer-use-turns/2025-11-19.tar 464302080 secs=167
2026-09-22T16:36:30Z START images/computer-use-turns/2025-12-02.tar 436858880 try=1
2026-09-22T16:36:39Z START images/computer-use-turns/2025-11-24.tar 494243840 try=2
2026-09-22T16:37:01Z HEARTBEAT files=187/390 bytes=37377149509/176865369812 disk_free=97G
curl: (92) HTTP/2 stream 1 reset by server (error 0x8 CANCEL)
curl: (92) HTTP/2 stream 1 reset by server (error 0x8 CANCEL)
2026-09-22T16:37:26Z START images/computer-use-turns/2025-12-02.tar 436858880 try=2
2026-09-22T16:37:27Z START images/computer-use-turns/2025-12-01.tar 567060480 try=2
2026-09-22T16:38:01Z HEARTBEAT files=187/390 bytes=37377149509/176865369812 disk_free=96G
curl: (92) HTTP/2 stream 1 reset by server (error 0x8 CANCEL)
2026-09-22T16:38:22Z START images/computer-use-turns/2025-11-27.tar 463708160 try=2
curl: (92) HTTP/2 stream 1 reset by server (error 0x8 CANCEL)
2026-09-22T16:38:39Z START images/computer-use-turns/2025-11-26.tar 314818560 try=2
curl: (92) HTTP/2 stream 1 reset by server (error 0x8 CANCEL)
2026-09-22T16:38:57Z START images/computer-use-turns/2025-11-27.tar 463708160 try=3
2026-09-22T16:39:02Z HEARTBEAT files=187/390 bytes=37377149509/176865369812 disk_free=96G
